// Jest Snapshot v1, https://goo.gl/fbAQLP

exports[`SplashScreen matches snapshot 1`] = `
<View
  style={
    [
      {
        "alignItems": "center",
        "flex": 1,
        "justifyContent": "center",
      },
      {
        "backgroundColor": "#ffffff",
      },
    ]
  }
>
  <View
    style={
      [
        {
          "overflow": "hidden",
        },
        [
          {
            "height": 140,
            "resizeMode": "contain",
            "width": 140,
          },
        ],
      ]
    }
  >
    <FastImageView
      defaultSource={null}
      resizeMode="cover"
      source={
        {
          "testUri": "../../../src/assets/images/welcome.png",
        }
      }
      style={
        {
          "bottom": 0,
          "left": 0,
          "position": "absolute",
          "right": 0,
          "top": 0,
        }
      }
      testID="splash-logo"
    />
  </View>
</View>
`;
